"","V1","V2","V3"
"1",0,0,0
"2",0,0,0.910547100762192
"3",0,0,0
